/Library/Frameworks/Python.framework/Versions/3.7/lib/python3.7/site-packages/boto3/compat.py:82: PythonDeprecationWarning: Boto3 will no longer support Python 3.7 starting December 13, 2023. To continue receiving service updates, bug fixes, and security updates please upgrade to Python 3.8 or later. More information can be found here: https://aws.amazon.com/blogs/developer/python-support-policy-updates-for-aws-sdks-and-tools/
  warnings.warn(warning, PythonDeprecationWarning)
setup: run_id=auth_readers_nonreturner_20260517T202357Z sites=5 prefix=s3://drawtoon/datasets/pages/single download=True chapter_workers=18 image_workers=4
discover: site=solo series=solo-leveling_manwa chapters=213
discover: site=sss series=sss-class-suicide-hunter_manwa chapters=148
discover: site=second series=second-life-ranker_manwa chapters=224
discover: site=great series=the-great-mage-returns-after-4000-years_manwa chapters=257
discover: site=lout series=lout-of-counts-family_manwa chapters=175
manifest: path=artifacts/separata_manwa/manifests/auth_readers_nonreturner_20260517T202357Z_chapters.jsonl chapters=1017
progress: chapters=362/1017 accessible=0 no_images=361 images=6 written=4 skipped=0 failures=2 chapter_rate=1.47/s eta=7.4m
progress: chapters=363/1017 accessible=0 no_images=361 images=14 written=9 skipped=0 failures=5 chapter_rate=1.22/s eta=9.0m
progress: chapters=367/1017 accessible=1 no_images=361 images=48 written=27 skipped=2 failures=19 chapter_rate=0.90/s eta=12.0m
progress: chapters=374/1017 accessible=6 no_images=361 images=90 written=63 skipped=2 failures=25 chapter_rate=0.86/s eta=12.5m
progress: chapters=376/1017 accessible=7 no_images=361 images=116 written=77 skipped=2 failures=37 chapter_rate=0.80/s eta=13.4m
progress: chapters=383/1017 accessible=9 no_images=361 images=209 written=120 skipped=2 failures=87 chapter_rate=0.76/s eta=14.0m
progress: chapters=387/1017 accessible=9 no_images=361 images=269 written=146 skipped=2 failures=121 chapter_rate=0.71/s eta=14.8m
progress: chapters=389/1017 accessible=11 no_images=361 images=288 written=165 skipped=2 failures=121 chapter_rate=0.63/s eta=16.7m
progress: chapters=391/1017 accessible=13 no_images=361 images=307 written=184 skipped=2 failures=121 chapter_rate=0.60/s eta=17.4m
progress: chapters=393/1017 accessible=14 no_images=361 images=321 written=196 skipped=2 failures=123 chapter_rate=0.57/s eta=18.4m
progress: chapters=396/1017 accessible=16 no_images=361 images=359 written=230 skipped=2 failures=127 chapter_rate=0.54/s eta=19.0m
