/Library/Frameworks/Python.framework/Versions/3.7/lib/python3.7/site-packages/boto3/compat.py:82: PythonDeprecationWarning: Boto3 will no longer support Python 3.7 starting December 13, 2023. To continue receiving service updates, bug fixes, and security updates please upgrade to Python 3.8 or later. More information can be found here: https://aws.amazon.com/blogs/developer/python-support-policy-updates-for-aws-sdks-and-tools/
  warnings.warn(warning, PythonDeprecationWarning)
setup: run_id=auth_reader_solo_20260517T211223Z sites=1 prefix=s3://drawtoon/datasets/pages/single download=True chapter_workers=16 image_workers=3
discover: site=solo series=solo-leveling_manwa chapters=213
manifest: path=artifacts/separata_manwa/manifests/auth_reader_solo_20260517T211223Z_chapters.jsonl chapters=213
progress: chapters=1/213 accessible=1 no_images=0 images=17 written=0 skipped=17 failures=0 chapter_rate=0.03/s eta=117.0m
progress: chapters=5/213 accessible=5 no_images=0 images=128 written=0 skipped=128 failures=0 chapter_rate=0.08/s eta=44.2m
progress: chapters=10/213 accessible=10 no_images=0 images=253 written=0 skipped=253 failures=0 chapter_rate=0.09/s eta=37.1m
progress: chapters=15/213 accessible=15 no_images=0 images=394 written=0 skipped=394 failures=0 chapter_rate=0.10/s eta=31.7m
progress: chapters=21/213 accessible=21 no_images=0 images=572 written=0 skipped=572 failures=0 chapter_rate=0.12/s eta=26.6m
progress: chapters=33/213 accessible=33 no_images=0 images=977 written=0 skipped=977 failures=0 chapter_rate=0.16/s eta=19.3m
progress: chapters=45/213 accessible=45 no_images=0 images=1302 written=0 skipped=1302 failures=0 chapter_rate=0.17/s eta=16.2m
progress: chapters=55/213 accessible=55 no_images=0 images=1622 written=0 skipped=1622 failures=0 chapter_rate=0.19/s eta=14.2m
progress: chapters=65/213 accessible=65 no_images=0 images=1937 written=0 skipped=1937 failures=0 chapter_rate=0.19/s eta=12.7m
progress: chapters=73/213 accessible=73 no_images=0 images=2190 written=0 skipped=2190 failures=0 chapter_rate=0.19/s eta=12.1m
progress: chapters=96/213 accessible=96 no_images=0 images=2920 written=0 skipped=2920 failures=0 chapter_rate=0.23/s eta=8.4m
progress: chapters=106/213 accessible=106 no_images=0 images=3297 written=0 skipped=3297 failures=0 chapter_rate=0.24/s eta=7.5m
progress: chapters=117/213 accessible=117 no_images=0 images=3591 written=0 skipped=3591 failures=0 chapter_rate=0.24/s eta=6.6m
progress: chapters=133/213 accessible=133 no_images=0 images=3852 written=0 skipped=3852 failures=0 chapter_rate=0.26/s eta=5.2m
progress: chapters=146/213 accessible=146 no_images=0 images=4191 written=0 skipped=4191 failures=0 chapter_rate=0.27/s eta=4.2m
progress: chapters=156/213 accessible=156 no_images=0 images=4503 written=0 skipped=4503 failures=0 chapter_rate=0.27/s eta=3.6m
progress: chapters=162/213 accessible=162 no_images=0 images=4720 written=0 skipped=4720 failures=0 chapter_rate=0.26/s eta=3.3m
progress: chapters=164/213 accessible=164 no_images=0 images=4822 written=0 skipped=4822 failures=0 chapter_rate=0.24/s eta=3.4m
progress: chapters=167/213 accessible=167 no_images=0 images=5061 written=0 skipped=5061 failures=0 chapter_rate=0.23/s eta=3.3m
progress: chapters=171/213 accessible=171 no_images=0 images=5331 written=0 skipped=5331 failures=0 chapter_rate=0.23/s eta=3.1m
progress: chapters=179/213 accessible=179 no_images=0 images=5693 written=1 skipped=5692 failures=0 chapter_rate=0.23/s eta=2.5m
progress: chapters=180/213 accessible=180 no_images=0 images=5762 written=1 skipped=5761 failures=0 chapter_rate=0.20/s eta=2.8m
progress: chapters=181/213 accessible=181 no_images=0 images=5854 written=2 skipped=5852 failures=0 chapter_rate=0.19/s eta=2.9m
progress: chapters=184/213 accessible=184 no_images=0 images=6125 written=12 skipped=6113 failures=0 chapter_rate=0.17/s eta=2.8m
progress: chapters=187/213 accessible=187 no_images=0 images=6386 written=30 skipped=6356 failures=0 chapter_rate=0.15/s eta=2.8m
progress: chapters=188/213 accessible=188 no_images=0 images=6482 written=52 skipped=6430 failures=0 chapter_rate=0.14/s eta=3.0m
progress: chapters=189/213 accessible=189 no_images=0 images=6573 written=80 skipped=6493 failures=0 chapter_rate=0.14/s eta=2.9m
progress: chapters=191/213 accessible=191 no_images=0 images=6759 written=130 skipped=6629 failures=0 chapter_rate=0.13/s eta=2.7m
progress: chapters=200/213 accessible=194 no_images=6 images=6986 written=229 skipped=6757 failures=0 chapter_rate=0.13/s eta=1.6m
progress: chapters=203/213 accessible=197 no_images=6 images=7296 written=422 skipped=6874 failures=0 chapter_rate=0.13/s eta=1.3m
progress: chapters=208/213 accessible=202 no_images=6 images=7853 written=813 skipped=7040 failures=0 chapter_rate=0.13/s eta=0.6m
progress: chapters=213/213 accessible=207 no_images=6 images=8326 written=1208 skipped=7118 failures=0 chapter_rate=0.13/s eta=0.0m
summary: {"run_id": "auth_reader_solo_20260517T211223Z", "created_at": "2026-05-17T21:38:50Z", "bucket": "drawtoon", "prefix": "datasets/pages/single", "series": ["solo-leveling_manwa"], "manifest_path": "artifacts/separata_manwa/manifests/auth_reader_solo_20260517T211223Z_chapters.jsonl", "status_path": "artifacts/separata_manwa/manifests/auth_reader_solo_20260517T211223Z_status.jsonl", "download": true, "counts": {"chapters": 213, "accessible": 207, "no_images": 6, "written": 1208, "skipped": 7118, "failures": 0, "images": 8326}, "discovery_failures": [], "notes": ["User represented these source domains as authorized for this ingestion.", "Output goes directly under datasets/pages/single/<series>_manwa/."]}
uploaded_manifest: s3://drawtoon/datasets/pages/single/_manifests/auth_reader_solo_20260517T211223Z/
