/Library/Frameworks/Python.framework/Versions/3.7/lib/python3.7/site-packages/boto3/compat.py:82: PythonDeprecationWarning: Boto3 will no longer support Python 3.7 starting December 13, 2023. To continue receiving service updates, bug fixes, and security updates please upgrade to Python 3.8 or later. More information can be found here: https://aws.amazon.com/blogs/developer/python-support-policy-updates-for-aws-sdks-and-tools/
  warnings.warn(warning, PythonDeprecationWarning)
setup: run_id=auth_reader_second_20260517T211223Z sites=1 prefix=s3://drawtoon/datasets/pages/single download=True chapter_workers=12 image_workers=3
discover: site=second series=second-life-ranker_manwa chapters=224
manifest: path=artifacts/separata_manwa/manifests/auth_reader_second_20260517T211223Z_chapters.jsonl chapters=224
progress: chapters=1/224 accessible=0 no_images=0 images=8 written=3 skipped=4 failures=1 chapter_rate=0.00/s eta=1776.6m
progress: chapters=4/224 accessible=0 no_images=0 images=41 written=13 skipped=23 failures=5 chapter_rate=0.01/s eta=473.3m
progress: chapters=9/224 accessible=0 no_images=0 images=87 written=27 skipped=44 failures=16 chapter_rate=0.02/s eta=221.6m
progress: chapters=10/224 accessible=0 no_images=0 images=91 written=27 skipped=46 failures=18 chapter_rate=0.02/s eta=214.3m
progress: chapters=13/224 accessible=0 no_images=0 images=145 written=38 skipped=75 failures=32 chapter_rate=0.02/s eta=171.6m
progress: chapters=19/224 accessible=1 no_images=0 images=195 written=39 skipped=116 failures=40 chapter_rate=0.03/s eta=121.6m
progress: chapters=25/224 accessible=7 no_images=0 images=244 written=39 skipped=165 failures=40 chapter_rate=0.04/s eta=93.7m
progress: chapters=31/224 accessible=13 no_images=0 images=301 written=39 skipped=222 failures=40 chapter_rate=0.04/s eta=76.7m
progress: chapters=32/224 accessible=13 no_images=0 images=305 written=39 skipped=224 failures=42 chapter_rate=0.04/s eta=87.0m
progress: chapters=35/224 accessible=13 no_images=0 images=325 written=42 skipped=233 failures=50 chapter_rate=0.04/s eta=81.6m
progress: chapters=38/224 accessible=14 no_images=0 images=346 written=43 skipped=250 failures=53 chapter_rate=0.04/s eta=86.4m
progress: chapters=40/224 accessible=14 no_images=0 images=374 written=49 skipped=260 failures=65 chapter_rate=0.04/s eta=84.7m
progress: chapters=43/224 accessible=14 no_images=0 images=397 written=51 skipped=269 failures=77 chapter_rate=0.04/s eta=81.4m
progress: chapters=47/224 accessible=14 no_images=0 images=456 written=56 skipped=274 failures=126 chapter_rate=0.04/s eta=75.7m
progress: chapters=49/224 accessible=14 no_images=0 images=483 written=59 skipped=283 failures=141 chapter_rate=0.04/s eta=74.4m
