/Library/Frameworks/Python.framework/Versions/3.7/lib/python3.7/site-packages/boto3/compat.py:82: PythonDeprecationWarning: Boto3 will no longer support Python 3.7 starting December 13, 2023. To continue receiving service updates, bug fixes, and security updates please upgrade to Python 3.8 or later. More information can be found here: https://aws.amazon.com/blogs/developer/python-support-policy-updates-for-aws-sdks-and-tools/
  warnings.warn(warning, PythonDeprecationWarning)
{"available_chapters": 230, "dropped": 0, "elapsed_seconds": 26.8, "event": "title_progress", "failures": 0, "last_chapter": 221, "max_pages": 5000, "series": "all-hail-the-sect-leader_manhua", "used_chapters": 1, "written": 11}
{"available_chapters": 363, "dropped": 0, "elapsed_seconds": 33.4, "event": "title_progress", "failures": 0, "last_chapter": 119, "max_pages": 5000, "series": "my-three-thousand-years-to-the-sky_manhua", "used_chapters": 1, "written": 7}
{"available_chapters": 101, "dropped": 0, "elapsed_seconds": 35.0, "event": "title_progress", "failures": 0, "last_chapter": 33, "max_pages": 5000, "series": "top-tier-providence-secretly-cultivate-for-a-thousand-years_manhua", "used_chapters": 1, "written": 5}
{"available_chapters": 285, "dropped": 0, "elapsed_seconds": 35.3, "event": "title_progress", "failures": 0, "last_chapter": 336, "max_pages": 5000, "series": "im-an-evil-god_manhua", "used_chapters": 1, "written": 8}
{"available_chapters": 187, "dropped": 0, "elapsed_seconds": 35.7, "event": "title_progress", "failures": 0, "last_chapter": 184, "max_pages": 5000, "series": "the-eternal-supreme_manhua", "used_chapters": 1, "written": 30}
{"available_chapters": 60, "dropped": 0, "elapsed_seconds": 36.5, "event": "title_progress", "failures": 0, "last_chapter": 10, "max_pages": 5000, "series": "my-disciples-are-all-big-villains_manhua", "used_chapters": 1, "written": 33}
{"available_chapters": 387, "dropped": 0, "elapsed_seconds": 37.4, "event": "title_progress", "failures": 0, "last_chapter": 241, "max_pages": 5000, "series": "magic-emperor_manhua", "used_chapters": 1, "written": 9}
{"available_chapters": 230, "dropped": 0, "elapsed_seconds": 57.3, "event": "title_progress", "failures": 0, "last_chapter": 40, "max_pages": 5000, "series": "all-hail-the-sect-leader_manhua", "used_chapters": 2, "written": 47}
{"available_chapters": 363, "dropped": 0, "elapsed_seconds": 59.7, "event": "title_progress", "failures": 0, "last_chapter": 2, "max_pages": 5000, "series": "my-three-thousand-years-to-the-sky_manhua", "used_chapters": 2, "written": 28}
{"available_chapters": 387, "dropped": 0, "elapsed_seconds": 63.7, "event": "title_progress", "failures": 0, "last_chapter": 78, "max_pages": 5000, "series": "magic-emperor_manhua", "used_chapters": 2, "written": 29}
{"available_chapters": 60, "dropped": 0, "elapsed_seconds": 65.8, "event": "title_progress", "failures": 0, "last_chapter": 29, "max_pages": 5000, "series": "my-disciples-are-all-big-villains_manhua", "used_chapters": 2, "written": 51}
{"available_chapters": 101, "dropped": 0, "elapsed_seconds": 71.3, "event": "title_progress", "failures": 0, "last_chapter": 95, "max_pages": 5000, "series": "top-tier-providence-secretly-cultivate-for-a-thousand-years_manhua", "used_chapters": 2, "written": 15}
{"available_chapters": 187, "dropped": 0, "elapsed_seconds": 73.5, "event": "title_progress", "failures": 0, "last_chapter": 136, "max_pages": 5000, "series": "the-eternal-supreme_manhua", "used_chapters": 2, "written": 40}
{"available_chapters": 285, "dropped": 0, "elapsed_seconds": 76.1, "event": "title_progress", "failures": 0, "last_chapter": 295, "max_pages": 5000, "series": "im-an-evil-god_manhua", "used_chapters": 2, "written": 22}
{"available_chapters": 230, "dropped": 0, "elapsed_seconds": 86.4, "event": "title_progress", "failures": 0, "last_chapter": 135, "max_pages": 5000, "series": "all-hail-the-sect-leader_manhua", "used_chapters": 3, "written": 77}
{"available_chapters": 101, "dropped": 0, "elapsed_seconds": 95.1, "event": "title_progress", "failures": 0, "last_chapter": 44, "max_pages": 5000, "series": "top-tier-providence-secretly-cultivate-for-a-thousand-years_manhua", "used_chapters": 3, "written": 30}
{"available_chapters": 60, "dropped": 0, "elapsed_seconds": 97.9, "event": "title_progress", "failures": 0, "last_chapter": 14, "max_pages": 5000, "series": "my-disciples-are-all-big-villains_manhua", "used_chapters": 3, "written": 75}
{"available_chapters": 187, "dropped": 0, "elapsed_seconds": 130.7, "event": "title_progress", "failures": 0, "last_chapter": 75, "max_pages": 5000, "series": "the-eternal-supreme_manhua", "used_chapters": 3, "written": 47}
{"available_chapters": 363, "dropped": 0, "elapsed_seconds": 134.6, "event": "title_progress", "failures": 0, "last_chapter": 181, "max_pages": 5000, "series": "my-three-thousand-years-to-the-sky_manhua", "used_chapters": 3, "written": 88}
{"available_chapters": 230, "dropped": 0, "elapsed_seconds": 136.5, "event": "title_progress", "failures": 0, "last_chapter": 226, "max_pages": 5000, "series": "all-hail-the-sect-leader_manhua", "used_chapters": 4, "written": 89}
{"available_chapters": 60, "dropped": 0, "elapsed_seconds": 139.1, "event": "title_progress", "failures": 0, "last_chapter": 42, "max_pages": 5000, "series": "my-disciples-are-all-big-villains_manhua", "used_chapters": 4, "written": 88}
{"available_chapters": 387, "dropped": 0, "elapsed_seconds": 145.6, "event": "title_progress", "failures": 0, "last_chapter": 160, "max_pages": 5000, "series": "magic-emperor_manhua", "used_chapters": 3, "written": 44}
{"available_chapters": 230, "dropped": 0, "elapsed_seconds": 179.7, "event": "title_progress", "failures": 0, "last_chapter": 57, "max_pages": 5000, "series": "all-hail-the-sect-leader_manhua", "used_chapters": 5, "written": 100}
