/Library/Frameworks/Python.framework/Versions/3.7/lib/python3.7/site-packages/boto3/compat.py:82: PythonDeprecationWarning: Boto3 will no longer support Python 3.7 starting December 13, 2023. To continue receiving service updates, bug fixes, and security updates please upgrade to Python 3.8 or later. More information can be found here: https://aws.amazon.com/blogs/developer/python-support-policy-updates-for-aws-sdks-and-tools/
  warnings.warn(warning, PythonDeprecationWarning)
setup: run_id=tapas_public_20260517T171501Z series=7 network_mode=direct proxy_configured=False download=True episode_workers=12 image_workers=16
discover: series=solo-leveling-comic episodes=202 public_or_unlocked_hint=5
discover: series=second-life-ranker episodes=219 public_or_unlocked_hint=5
discover: series=sss-class-revival-hunter episodes=154 public_or_unlocked_hint=6
discover: series=overgeared episodes=288 public_or_unlocked_hint=4
discover: series=a-returners-magic-should-be-special episodes=269 public_or_unlocked_hint=4
discover: series=the-archmage-returns-after-4000-years episodes=237 public_or_unlocked_hint=5
discover: series=lout-of-counts-family episodes=172 public_or_unlocked_hint=4
manifest: path=artifacts/separata_manwa/manifests/tapas_public_20260517T171501Z_episodes.jsonl episodes=1541
progress: episodes=1/1541 accessible=0 locked_or_unavailable=1 images=0 written=0 skipped=0 failures=0 episode_rate=10.00/s eta=2.6m
progress: episodes=412/1541 accessible=1 locked_or_unavailable=411 images=4 written=4 skipped=0 failures=0 episode_rate=43.26/s eta=0.4m
progress: episodes=436/1541 accessible=4 locked_or_unavailable=432 images=43 written=42 skipped=1 failures=0 episode_rate=23.78/s eta=0.8m
progress: episodes=453/1541 accessible=5 locked_or_unavailable=448 images=81 written=80 skipped=1 failures=0 episode_rate=17.31/s eta=1.0m
progress: episodes=566/1541 accessible=7 locked_or_unavailable=559 images=127 written=126 skipped=1 failures=0 episode_rate=6.25/s eta=2.6m
progress: episodes=567/1541 accessible=8 locked_or_unavailable=559 images=181 written=180 skipped=1 failures=0 episode_rate=3.24/s eta=5.0m
progress: episodes=568/1541 accessible=9 locked_or_unavailable=559 images=256 written=255 skipped=1 failures=0 episode_rate=2.72/s eta=6.0m
progress: episodes=854/1541 accessible=11 locked_or_unavailable=843 images=328 written=327 skipped=1 failures=0 episode_rate=3.81/s eta=3.0m
progress: episodes=855/1541 accessible=12 locked_or_unavailable=843 images=392 written=391 skipped=1 failures=0 episode_rate=3.66/s eta=3.1m
progress: episodes=1123/1541 accessible=15 locked_or_unavailable=1108 images=642 written=641 skipped=1 failures=0 episode_rate=4.63/s eta=1.5m
progress: episodes=1214/1541 accessible=18 locked_or_unavailable=1196 images=853 written=852 skipped=1 failures=0 episode_rate=4.49/s eta=1.2m
progress: episodes=1359/1541 accessible=19 locked_or_unavailable=1340 images=910 written=909 skipped=1 failures=0 episode_rate=4.87/s eta=0.6m
progress: episodes=1360/1541 accessible=20 locked_or_unavailable=1340 images=1004 written=1003 skipped=1 failures=0 episode_rate=4.25/s eta=0.7m
progress: episodes=1361/1541 accessible=20 locked_or_unavailable=1340 images=1007 written=1005 skipped=1 failures=1 episode_rate=3.36/s eta=0.9m
progress: episodes=1362/1541 accessible=20 locked_or_unavailable=1340 images=1028 written=1008 skipped=1 failures=19 episode_rate=2.82/s eta=1.1m
progress: episodes=1531/1541 accessible=20 locked_or_unavailable=1508 images=1076 written=1038 skipped=1 failures=37 episode_rate=3.07/s eta=0.1m
progress: episodes=1532/1541 accessible=20 locked_or_unavailable=1508 images=1134 written=1066 skipped=1 failures=67 episode_rate=2.88/s eta=0.1m
progress: episodes=1534/1541 accessible=21 locked_or_unavailable=1508 images=1202 written=1087 skipped=1 failures=114 episode_rate=2.72/s eta=0.0m
progress: episodes=1537/1541 accessible=21 locked_or_unavailable=1508 images=1388 written=1195 skipped=1 failures=192 episode_rate=2.68/s eta=0.0m
progress: episodes=1541/1541 accessible=21 locked_or_unavailable=1508 images=1668 written=1403 skipped=1 failures=264 episode_rate=2.67/s eta=0.0m
summary: {"run_id": "tapas_public_20260517T171501Z", "created_at": "2026-05-17T17:25:13Z", "network_mode": "direct", "bucket": "drawtoon", "prefix": "datasets/pages/source/tapas", "series": ["solo-leveling-comic", "second-life-ranker", "sss-class-revival-hunter", "overgeared", "a-returners-magic-should-be-special", "the-archmage-returns-after-4000-years", "lout-of-counts-family"], "manifest_path": "artifacts/separata_manwa/manifests/tapas_public_20260517T171501Z_episodes.jsonl", "status_path": "artifacts/separata_manwa/manifests/tapas_public_20260517T171501Z_status.jsonl", "download": true, "counts": {"episodes": 1541, "accessible": 21, "locked_or_unavailable": 1508, "written": 1403, "skipped": 1, "failures": 264, "images": 1668}, "notes": ["Only official Tapas public/free episode images exposed in HTML were downloaded.", "WUF/Ink/login/locked episodes are recorded as locked_or_unavailable and require an authorized export path."]}
uploaded_manifest: s3://drawtoon/datasets/pages/source/tapas/_manifests/tapas_public_20260517T171501Z/
