/Library/Frameworks/Python.framework/Versions/3.7/lib/python3.7/site-packages/boto3/compat.py:82: PythonDeprecationWarning: Boto3 will no longer support Python 3.7 starting December 13, 2023. To continue receiving service updates, bug fixes, and security updates please upgrade to Python 3.8 or later. More information can be found here: https://aws.amazon.com/blogs/developer/python-support-policy-updates-for-aws-sdks-and-tools/
  warnings.warn(warning, PythonDeprecationWarning)
setup: series=17 series_workers=17 episode_workers=64 image_workers=8 max_image_concurrency=512 image_retries=5 download_order=round-robin s3_pool_connections=768 s3_client_count=32 proxy=enabled dry_run=False
[the-boxer] discover page=1 page_episodes=7 new=7 total=7
[sweet-home] discover page=1 page_episodes=11 new=11 total=11
[noblesse] discover page=1 page_episodes=11 new=11 total=11
[the-gamer] discover page=1 page_episodes=9 new=9 total=9
[the-horizon] discover page=1 page_episodes=2 new=2 total=2
[lookism] discover page=1 page_episodes=11 new=11 total=11[tower-of-god] discover page=1 page_episodes=10 new=10 total=10

[tomb-raider-king] discover page=1 page_episodes=10 new=10 total=10[teenage-mercenary] discover page=1 page_episodes=11 new=11 total=11

[girls-of-the-wilds] discover page=1 page_episodes=11 new=11 total=11
[the-sound-of-magic-annarasumanara] discover page=1 page_episodes=8 new=8 total=8
[who-made-me-a-princess] discover page=1 page_episodes=11 new=11 total=11
[the-god-of-high-school] discover page=1 page_episodes=11 new=11 total=11
[the-breaker-eternal-force] discover page=1 page_episodes=10 new=10 total=10
[eleceed] discover page=1 page_episodes=11 new=11 total=11
[omniscient-reader] discover page=1 page_episodes=11 new=11 total=11
[bastard] discover page=1 page_episodes=11 new=11 total=11
[noblesse] discover page=2 page_episodes=11 new=10 total=21
[sweet-home] discover page=2 page_episodes=5 new=4 total=15
[the-horizon] discover page=2 page_episodes=2 new=0 total=2
[the-horizon] discovered episodes=2
[the-breaker-eternal-force] discover page=2 page_episodes=10 new=9 total=19
[the-boxer] discover page=2 page_episodes=7 new=0 total=7
[the-boxer] discovered episodes=7
[tomb-raider-king] discover page=2 page_episodes=10 new=0 total=10
[tomb-raider-king] discovered episodes=10
[girls-of-the-wilds] discover page=2 page_episodes=5 new=4 total=15
[bastard] discover page=2 page_episodes=1 new=0 total=11
[bastard] discovered episodes=11
[teenage-mercenary] discover page=2 page_episodes=11 new=10 total=21
[eleceed] discover page=2 page_episodes=11 new=10 total=21
[who-made-me-a-princess] discover page=2 page_episodes=3 new=2 total=13
[the-gamer] discover page=2 page_episodes=9 new=0 total=9
[the-gamer] discovered episodes=9
[the-sound-of-magic-annarasumanara] discover page=2 page_episodes=8 new=0 total=8
[the-sound-of-magic-annarasumanara] discovered episodes=8
[tower-of-god] discover page=2 page_episodes=10 new=9 total=19
[lookism] discover page=2 page_episodes=11 new=10 total=21
[the-god-of-high-school] discover page=2 page_episodes=11 new=10 total=21
[omniscient-reader] discover page=2 page_episodes=11 new=10 total=21
[sweet-home] discover page=3 page_episodes=5 new=0 total=15
[sweet-home] discovered episodes=15
[noblesse] discover page=3 page_episodes=11 new=10 total=31
[the-breaker-eternal-force] discover page=3 page_episodes=10 new=9 total=28
[who-made-me-a-princess] discover page=3 page_episodes=3 new=0 total=13
[who-made-me-a-princess] discovered episodes=13
[lookism] discover page=3 page_episodes=11 new=10 total=31
[tower-of-god] discover page=3 page_episodes=10 new=9 total=28
[eleceed] discover page=3 page_episodes=11 new=10 total=31
[omniscient-reader] discover page=3 page_episodes=11 new=10 total=31[the-god-of-high-school] discover page=3 page_episodes=11 new=10 total=31

[teenage-mercenary] discover page=3 page_episodes=11 new=10 total=31
[girls-of-the-wilds] discover page=3 page_episodes=5 new=0 total=15
[girls-of-the-wilds] discovered episodes=15
[noblesse] discover page=4 page_episodes=11 new=10 total=41
[the-breaker-eternal-force] discover page=4 page_episodes=10 new=9 total=37
[lookism] discover page=4 page_episodes=11 new=10 total=41
[teenage-mercenary] discover page=4 page_episodes=11 new=10 total=41
[the-god-of-high-school] discover page=4 page_episodes=4 new=3 total=34
[eleceed] discover page=4 page_episodes=11 new=10 total=41
[tower-of-god] discover page=4 page_episodes=10 new=9 total=37
[omniscient-reader] discover page=4 page_episodes=11 new=10 total=41
[noblesse] discover page=5 page_episodes=10 new=9 total=50
[the-breaker-eternal-force] discover page=5 page_episodes=10 new=9 total=46
[lookism] discover page=5 page_episodes=11 new=10 total=51
[the-god-of-high-school] discover page=5 page_episodes=4 new=0 total=34
[the-god-of-high-school] discovered episodes=34
[teenage-mercenary] discover page=5 page_episodes=11 new=10 total=51
[eleceed] discover page=5 page_episodes=11 new=10 total=51
[tower-of-god] discover page=5 page_episodes=10 new=9 total=46
[omniscient-reader] discover page=5 page_episodes=11 new=10 total=51
[noblesse] discover page=6 page_episodes=10 new=0 total=50
[noblesse] discovered episodes=50
[the-breaker-eternal-force] discover page=6 page_episodes=10 new=9 total=55
[lookism] discover page=6 page_episodes=11 new=10 total=61
[teenage-mercenary] discover page=6 page_episodes=11 new=10 total=61
[tower-of-god] discover page=6 page_episodes=10 new=9 total=55
[eleceed] discover page=6 page_episodes=11 new=10 total=61
[omniscient-reader] discover page=6 page_episodes=11 new=10 total=61
[the-breaker-eternal-force] discover page=7 page_episodes=10 new=9 total=64
[lookism] discover page=7 page_episodes=11 new=10 total=71
[tower-of-god] discover page=7 page_episodes=10 new=9 total=64
[eleceed] discover page=7 page_episodes=11 new=10 total=71
[teenage-mercenary] discover page=7 page_episodes=11 new=10 total=71
[omniscient-reader] discover page=7 page_episodes=11 new=10 total=71
[the-breaker-eternal-force] discover page=8 page_episodes=10 new=9 total=73
[lookism] discover page=8 page_episodes=11 new=10 total=81
[tower-of-god] discover page=8 page_episodes=10 new=9 total=73
[eleceed] discover page=8 page_episodes=11 new=10 total=81
[teenage-mercenary] discover page=8 page_episodes=11 new=10 total=81
[omniscient-reader] discover page=8 page_episodes=11 new=10 total=81
[the-breaker-eternal-force] discover page=9 page_episodes=10 new=9 total=82
[lookism] discover page=9 page_episodes=11 new=10 total=91
[tower-of-god] discover page=9 page_episodes=10 new=9 total=82
[teenage-mercenary] discover page=9 page_episodes=11 new=10 total=91
[eleceed] discover page=9 page_episodes=11 new=10 total=91
[omniscient-reader] discover page=9 page_episodes=11 new=10 total=91
[the-breaker-eternal-force] discover page=10 page_episodes=10 new=9 total=91
[lookism] discover page=10 page_episodes=11 new=10 total=101
[tower-of-god] discover page=10 page_episodes=10 new=9 total=91
[omniscient-reader] discover page=10 page_episodes=11 new=10 total=101
[teenage-mercenary] discover page=10 page_episodes=11 new=10 total=101
[eleceed] discover page=10 page_episodes=11 new=10 total=101
[the-breaker-eternal-force] discover page=11 page_episodes=10 new=9 total=100
[lookism] discover page=11 page_episodes=11 new=10 total=111
[tower-of-god] discover page=11 page_episodes=10 new=9 total=100
[omniscient-reader] discover page=11 page_episodes=11 new=10 total=111
[teenage-mercenary] discover page=11 page_episodes=11 new=10 total=111
[eleceed] discover page=11 page_episodes=11 new=10 total=111
[lookism] discover page=12 page_episodes=11 new=10 total=121
[the-breaker-eternal-force] discover page=12 page_episodes=1 new=0 total=100
[the-breaker-eternal-force] discovered episodes=100
[tower-of-god] discover page=12 page_episodes=10 new=9 total=109
[teenage-mercenary] discover page=12 page_episodes=11 new=10 total=121
[omniscient-reader] discover page=12 page_episodes=11 new=10 total=121
[eleceed] discover page=12 page_episodes=11 new=10 total=121
[lookism] discover page=13 page_episodes=11 new=10 total=131
[tower-of-god] discover page=13 page_episodes=10 new=9 total=118
[teenage-mercenary] discover page=13 page_episodes=11 new=10 total=131
[eleceed] discover page=13 page_episodes=11 new=10 total=131
[omniscient-reader] discover page=13 page_episodes=11 new=10 total=131
[lookism] discover page=14 page_episodes=11 new=10 total=141
[tower-of-god] discover page=14 page_episodes=10 new=9 total=127
[teenage-mercenary] discover page=14 page_episodes=11 new=10 total=141
[eleceed] discover page=14 page_episodes=11 new=10 total=141
[omniscient-reader] discover page=14 page_episodes=11 new=10 total=141
[lookism] discover page=15 page_episodes=11 new=10 total=151
[tower-of-god] discover page=15 page_episodes=10 new=9 total=136
[teenage-mercenary] discover page=15 page_episodes=11 new=10 total=151
[eleceed] discover page=15 page_episodes=11 new=10 total=151
[omniscient-reader] discover page=15 page_episodes=11 new=10 total=151
[lookism] discover page=16 page_episodes=11 new=10 total=161
[tower-of-god] discover page=16 page_episodes=10 new=9 total=145
[teenage-mercenary] discover page=16 page_episodes=11 new=10 total=161
[eleceed] discover page=16 page_episodes=11 new=10 total=161
[omniscient-reader] discover page=16 page_episodes=11 new=10 total=161
[lookism] discover page=17 page_episodes=11 new=10 total=171
[tower-of-god] discover page=17 page_episodes=10 new=9 total=154
[teenage-mercenary] discover page=17 page_episodes=11 new=10 total=171
[eleceed] discover page=17 page_episodes=11 new=10 total=171
[omniscient-reader] discover page=17 page_episodes=11 new=10 total=171
[lookism] discover page=18 page_episodes=11 new=10 total=181
[tower-of-god] discover page=18 page_episodes=10 new=9 total=163
[teenage-mercenary] discover page=18 page_episodes=11 new=10 total=181
[eleceed] discover page=18 page_episodes=11 new=10 total=181
[omniscient-reader] discover page=18 page_episodes=11 new=10 total=181
[lookism] discover page=19 page_episodes=11 new=10 total=191
[tower-of-god] discover page=19 page_episodes=10 new=9 total=172
[teenage-mercenary] discover page=19 page_episodes=11 new=10 total=191
[eleceed] discover page=19 page_episodes=11 new=10 total=191
[omniscient-reader] discover page=19 page_episodes=11 new=10 total=191
[lookism] discover page=20 page_episodes=11 new=10 total=201
[tower-of-god] discover page=20 page_episodes=10 new=9 total=181
[teenage-mercenary] discover page=20 page_episodes=11 new=10 total=201
[eleceed] discover page=20 page_episodes=11 new=10 total=201
[omniscient-reader] discover page=20 page_episodes=11 new=10 total=201
[lookism] discover page=21 page_episodes=11 new=10 total=211
[tower-of-god] discover page=21 page_episodes=10 new=9 total=190
[teenage-mercenary] discover page=21 page_episodes=11 new=10 total=211
[eleceed] discover page=21 page_episodes=11 new=10 total=211
[omniscient-reader] discover page=21 page_episodes=11 new=10 total=211
[tower-of-god] discover page=22 page_episodes=10 new=9 total=199
[lookism] discover page=22 page_episodes=11 new=10 total=221
[teenage-mercenary] discover page=22 page_episodes=11 new=10 total=221
[eleceed] discover page=22 page_episodes=11 new=10 total=221
[omniscient-reader] discover page=22 page_episodes=11 new=10 total=221
[tower-of-god] discover page=23 page_episodes=10 new=9 total=208
[lookism] discover page=23 page_episodes=11 new=10 total=231
[teenage-mercenary] discover page=23 page_episodes=11 new=10 total=231
[eleceed] discover page=23 page_episodes=11 new=10 total=231
[omniscient-reader] discover page=23 page_episodes=11 new=10 total=231
[tower-of-god] discover page=24 page_episodes=10 new=9 total=217
[lookism] discover page=24 page_episodes=11 new=10 total=241
[teenage-mercenary] discover page=24 page_episodes=11 new=10 total=241
[eleceed] discover page=24 page_episodes=11 new=10 total=241
[omniscient-reader] discover page=24 page_episodes=11 new=10 total=241
[lookism] discover page=25 page_episodes=11 new=10 total=251
[tower-of-god] discover page=25 page_episodes=10 new=9 total=226
[teenage-mercenary] discover page=25 page_episodes=11 new=10 total=251
[eleceed] discover page=25 page_episodes=11 new=10 total=251
[omniscient-reader] discover page=25 page_episodes=11 new=10 total=251
[tower-of-god] discover page=26 page_episodes=10 new=9 total=235
[lookism] discover page=26 page_episodes=11 new=10 total=261
[teenage-mercenary] discover page=26 page_episodes=11 new=10 total=261
[eleceed] discover page=26 page_episodes=11 new=10 total=261
[omniscient-reader] discover page=26 page_episodes=11 new=10 total=261
[tower-of-god] discover page=27 page_episodes=10 new=9 total=244
[lookism] discover page=27 page_episodes=11 new=10 total=271
[teenage-mercenary] discover page=27 page_episodes=11 new=10 total=271
[eleceed] discover page=27 page_episodes=11 new=10 total=271
[omniscient-reader] discover page=27 page_episodes=11 new=10 total=271
[tower-of-god] discover page=28 page_episodes=10 new=9 total=253
[lookism] discover page=28 page_episodes=11 new=10 total=281
[teenage-mercenary] discover page=28 page_episodes=1 new=0 total=271
[teenage-mercenary] discovered episodes=271
[omniscient-reader] discover page=28 page_episodes=11 new=10 total=281
[eleceed] discover page=28 page_episodes=11 new=10 total=281
[tower-of-god] discover page=29 page_episodes=10 new=9 total=262
[lookism] discover page=29 page_episodes=11 new=10 total=291
[omniscient-reader] discover page=29 page_episodes=11 new=10 total=291
[eleceed] discover page=29 page_episodes=11 new=10 total=291
[tower-of-god] discover page=30 page_episodes=10 new=9 total=271
[lookism] discover page=30 page_episodes=11 new=10 total=301
[omniscient-reader] discover page=30 page_episodes=11 new=10 total=301
[eleceed] discover page=30 page_episodes=11 new=10 total=301
[tower-of-god] discover page=31 page_episodes=10 new=9 total=280
[lookism] discover page=31 page_episodes=11 new=10 total=311
[omniscient-reader] discover page=31 page_episodes=6 new=5 total=306
[eleceed] discover page=31 page_episodes=11 new=10 total=311
[tower-of-god] discover page=32 page_episodes=10 new=9 total=289
[lookism] discover page=32 page_episodes=11 new=10 total=321
[omniscient-reader] discover page=32 page_episodes=6 new=0 total=306
[omniscient-reader] discovered episodes=306
[eleceed] discover page=32 page_episodes=11 new=10 total=321
[lookism] discover page=33 page_episodes=11 new=10 total=331
[tower-of-god] discover page=33 page_episodes=10 new=9 total=298
[eleceed] discover page=33 page_episodes=11 new=10 total=331
[tower-of-god] discover page=34 page_episodes=10 new=9 total=307
[lookism] discover page=34 page_episodes=11 new=10 total=341
[eleceed] discover page=34 page_episodes=11 new=10 total=341
[lookism] discover page=35 page_episodes=11 new=10 total=351
[tower-of-god] discover page=35 page_episodes=10 new=9 total=316
[eleceed] discover page=35 page_episodes=11 new=10 total=351
[lookism] discover page=36 page_episodes=11 new=10 total=361
[tower-of-god] discover page=36 page_episodes=10 new=9 total=325
[eleceed] discover page=36 page_episodes=11 new=10 total=361
[tower-of-god] discover page=37 page_episodes=10 new=9 total=334
[lookism] discover page=37 page_episodes=11 new=10 total=371
[eleceed] discover page=37 page_episodes=11 new=10 total=371
[tower-of-god] discover page=38 page_episodes=10 new=9 total=343
[lookism] discover page=38 page_episodes=11 new=10 total=381
[eleceed] discover page=38 page_episodes=11 new=10 total=381
[tower-of-god] discover page=39 page_episodes=10 new=9 total=352
[lookism] discover page=39 page_episodes=11 new=10 total=391
[eleceed] discover page=39 page_episodes=5 new=4 total=385
[tower-of-god] discover page=40 page_episodes=10 new=9 total=361
[lookism] discover page=40 page_episodes=11 new=10 total=401
[eleceed] discover page=40 page_episodes=5 new=0 total=385
[eleceed] discovered episodes=385
[tower-of-god] discover page=41 page_episodes=10 new=9 total=370
[lookism] discover page=41 page_episodes=11 new=10 total=411
[tower-of-god] discover page=42 page_episodes=10 new=9 total=379
[lookism] discover page=42 page_episodes=11 new=10 total=421
[tower-of-god] discover page=43 page_episodes=10 new=9 total=388
[lookism] discover page=43 page_episodes=11 new=10 total=431
[tower-of-god] discover page=44 page_episodes=10 new=9 total=397
[lookism] discover page=44 page_episodes=11 new=10 total=441
[tower-of-god] discover page=45 page_episodes=10 new=9 total=406
[lookism] discover page=45 page_episodes=11 new=10 total=451
[tower-of-god] discover page=46 page_episodes=10 new=9 total=415
[lookism] discover page=46 page_episodes=11 new=10 total=461
[tower-of-god] discover page=47 page_episodes=10 new=9 total=424
[lookism] discover page=47 page_episodes=11 new=10 total=471
[tower-of-god] discover page=48 page_episodes=10 new=9 total=433
[lookism] discover page=48 page_episodes=11 new=10 total=481
[tower-of-god] discover page=49 page_episodes=10 new=9 total=442
[lookism] discover page=49 page_episodes=11 new=10 total=491
[tower-of-god] discover page=50 page_episodes=10 new=9 total=451
[lookism] discover page=50 page_episodes=11 new=10 total=501
[tower-of-god] discover page=51 page_episodes=10 new=9 total=460
[lookism] discover page=51 page_episodes=11 new=10 total=511
[tower-of-god] discover page=52 page_episodes=10 new=9 total=469
[lookism] discover page=52 page_episodes=11 new=10 total=521
[tower-of-god] discover page=53 page_episodes=10 new=9 total=478
[lookism] discover page=53 page_episodes=11 new=10 total=531
[tower-of-god] discover page=54 page_episodes=10 new=9 total=487
[lookism] discover page=54 page_episodes=11 new=10 total=541
[tower-of-god] discover page=55 page_episodes=10 new=9 total=496
[lookism] discover page=55 page_episodes=11 new=10 total=551
[lookism] discover page=56 page_episodes=11 new=10 total=561
[tower-of-god] discover page=56 page_episodes=10 new=9 total=505
[tower-of-god] discover page=57 page_episodes=10 new=9 total=514
[lookism] discover page=57 page_episodes=11 new=10 total=571
[tower-of-god] discover page=58 page_episodes=10 new=9 total=523
[lookism] discover page=58 page_episodes=11 new=10 total=581
[tower-of-god] discover page=59 page_episodes=10 new=9 total=532
[lookism] discover page=59 page_episodes=11 new=10 total=591
[tower-of-god] discover page=60 page_episodes=10 new=9 total=541
[lookism] discover page=60 page_episodes=6 new=5 total=596
[tower-of-god] discover page=61 page_episodes=10 new=9 total=550
[lookism] discover page=61 page_episodes=6 new=0 total=596
[lookism] discovered episodes=596
[tower-of-god] discover page=62 page_episodes=10 new=9 total=559
[tower-of-god] discover page=63 page_episodes=10 new=9 total=568
[tower-of-god] discover page=64 page_episodes=10 new=9 total=577
[tower-of-god] discover page=65 page_episodes=10 new=9 total=586
[tower-of-god] discover page=66 page_episodes=10 new=9 total=595
[tower-of-god] discover page=67 page_episodes=10 new=9 total=604
[tower-of-god] discover page=68 page_episodes=10 new=9 total=613
[tower-of-god] discover page=69 page_episodes=10 new=9 total=622
[tower-of-god] discover page=70 page_episodes=10 new=9 total=631
[tower-of-god] discover page=71 page_episodes=10 new=9 total=640
[tower-of-god] discover page=72 page_episodes=10 new=9 total=649
[tower-of-god] discover page=73 page_episodes=4 new=3 total=652
[tower-of-god] discover page=74 page_episodes=4 new=0 total=652
[tower-of-god] discovered episodes=652
download: total_episodes=2484
